Adding         svn_sandbox/file2
Transmitting file data .
Committed revision 2.
