Adding         svn_sandbox/file3
Transmitting file data .svn: E165001: Commit failed (details follow):
svn: E165001: Commit blocked by pre-commit hook (exit code 1) with output:
Commit comment references non-existent issue : Issue 9999

